
> codeverix-frontend@1.0.0 build
> next build

  ▲ Next.js 14.2.35
  - Environments: .env.local

   Creating an optimized production build ...
 ✓ Compiled successfully
   Linting and checking validity of types ...
   Collecting page data ...
   Generating static pages (0/10) ...
   Generating static pages (2/10) 
   Generating static pages (4/10) 
   Generating static pages (7/10) 
 ✓ Generating static pages (10/10)
   Finalizing page optimization ...
   Collecting build traces ...

Route (app)                              Size     First Load JS
┌ ○ /                                    4.45 kB         101 kB
├ ○ /_not-found                          873 B          88.2 kB
├ ○ /dashboard                           4.92 kB         101 kB
├ ○ /dashboard/history                   2.41 kB        98.9 kB
├ ○ /dashboard/projects                  3.53 kB         124 kB
├ ○ /login                               3.45 kB         124 kB
├ ○ /register                            3.51 kB         124 kB
├ ○ /settings                            3.56 kB        90.9 kB
└ ƒ /workspace/[projectId]               7.56 kB         104 kB
+ First Load JS shared by all            87.3 kB
  ├ chunks/117-3380c763840dbc2e.js       31.7 kB
  ├ chunks/fd9d1056-201bf7119be64bfd.js  53.6 kB
  └ other shared chunks (total)          1.93 kB


○  (Static)   prerendered as static content
ƒ  (Dynamic)  server-rendered on demand

